2026-05-12 23:13:17,393 | ERROR | astock_dashboard | akshare_client:_safe_call:67 | AKShare 接口调用失败: stock_zh_a_spot_em
Traceback (most recent call last):
  File "C:\Users\zhouz\AppData\Local\Programs\Python\Python310\lib\site-packages\urllib3\connectionpool.py", line 787, in urlopen
    response = self._make_request(
  File "C:\Users\zhouz\AppData\Local\Programs\Python\Python310\lib\site-packages\urllib3\connectionpool.py", line 534, in _make_request
    response = conn.getresponse()
  File "C:\Users\zhouz\AppData\Local\Programs\Python\Python310\lib\site-packages\urllib3\connection.py", line 565, in getresponse
    httplib_response = super().getresponse()
  File "C:\Users\zhouz\AppData\Local\Programs\Python\Python310\lib\http\client.py", line 1375, in getresponse
    response.begin()
  File "C:\Users\zhouz\AppData\Local\Programs\Python\Python310\lib\http\client.py", line 318, in begin
    version, status, reason = self._read_status()
  File "C:\Users\zhouz\AppData\Local\Programs\Python\Python310\lib\http\client.py", line 287, in _read_status
    raise RemoteDisconnected("Remote end closed connection without"
http.client.RemoteDisconnected: Remote end closed connection without response

During handling of the above exception, another exception occurred:

Traceback (most recent call last):
  File "C:\Users\zhouz\AppData\Local\Programs\Python\Python310\lib\site-packages\requests\adapters.py", line 667, in send
    resp = conn.urlopen(
  File "C:\Users\zhouz\AppData\Local\Programs\Python\Python310\lib\site-packages\urllib3\connectionpool.py", line 841, in urlopen
    retries = retries.increment(
  File "C:\Users\zhouz\AppData\Local\Programs\Python\Python310\lib\site-packages\urllib3\util\retry.py", line 474, in increment
    raise reraise(type(error), error, _stacktrace)
  File "C:\Users\zhouz\AppData\Local\Programs\Python\Python310\lib\site-packages\urllib3\util\util.py", line 38, in reraise
    raise value.with_traceback(tb)
  File "C:\Users\zhouz\AppData\Local\Programs\Python\Python310\lib\site-packages\urllib3\connectionpool.py", line 787, in urlopen
    response = self._make_request(
  File "C:\Users\zhouz\AppData\Local\Programs\Python\Python310\lib\site-packages\urllib3\connectionpool.py", line 534, in _make_request
    response = conn.getresponse()
  File "C:\Users\zhouz\AppData\Local\Programs\Python\Python310\lib\site-packages\urllib3\connection.py", line 565, in getresponse
    httplib_response = super().getresponse()
  File "C:\Users\zhouz\AppData\Local\Programs\Python\Python310\lib\http\client.py", line 1375, in getresponse
    response.begin()
  File "C:\Users\zhouz\AppData\Local\Programs\Python\Python310\lib\http\client.py", line 318, in begin
    version, status, reason = self._read_status()
  File "C:\Users\zhouz\AppData\Local\Programs\Python\Python310\lib\http\client.py", line 287, in _read_status
    raise RemoteDisconnected("Remote end closed connection without"
urllib3.exceptions.ProtocolError: ('Connection aborted.', RemoteDisconnected('Remote end closed connection without response'))

During handling of the above exception, another exception occurred:

Traceback (most recent call last):
  File "C:\Users\zhouz\OneDrive\Desktop\zhouziyang_Projects\AStock-Trade-Analysis\src\data\akshare_client.py", line 62, in _safe_call
    data = func(*args, **kwargs)
  File "C:\Users\zhouz\AppData\Local\Programs\Python\Python310\lib\site-packages\akshare\stock_feature\stock_hist_em.py", line 36, in stock_zh_a_spot_em
    temp_df = fetch_paginated_data(url, params)
  File "C:\Users\zhouz\AppData\Local\Programs\Python\Python310\lib\site-packages\akshare\utils\func.py", line 32, in fetch_paginated_data
    r = requests.get(url, params=params, timeout=timeout)
  File "C:\Users\zhouz\AppData\Local\Programs\Python\Python310\lib\site-packages\requests\api.py", line 73, in get
    return request("get", url, params=params, **kwargs)
  File "C:\Users\zhouz\AppData\Local\Programs\Python\Python310\lib\site-packages\requests\api.py", line 59, in request
    return session.request(method=method, url=url, **kwargs)
  File "C:\Users\zhouz\AppData\Local\Programs\Python\Python310\lib\site-packages\requests\sessions.py", line 589, in request
    resp = self.send(prep, **send_kwargs)
  File "C:\Users\zhouz\AppData\Local\Programs\Python\Python310\lib\site-packages\requests\sessions.py", line 703, in send
    r = adapter.send(request, **kwargs)
  File "C:\Users\zhouz\AppData\Local\Programs\Python\Python310\lib\site-packages\requests\adapters.py", line 682, in send
    raise ConnectionError(err, request=request)
requests.exceptions.ConnectionError: ('Connection aborted.', RemoteDisconnected('Remote end closed connection without response'))
2026-05-12 23:13:19,912 | ERROR | astock_dashboard | akshare_client:_safe_call:67 | AKShare 接口调用失败: stock_zh_index_spot_em
Traceback (most recent call last):
  File "C:\Users\zhouz\AppData\Local\Programs\Python\Python310\lib\site-packages\urllib3\connectionpool.py", line 787, in urlopen
    response = self._make_request(
  File "C:\Users\zhouz\AppData\Local\Programs\Python\Python310\lib\site-packages\urllib3\connectionpool.py", line 534, in _make_request
    response = conn.getresponse()
  File "C:\Users\zhouz\AppData\Local\Programs\Python\Python310\lib\site-packages\urllib3\connection.py", line 565, in getresponse
    httplib_response = super().getresponse()
  File "C:\Users\zhouz\AppData\Local\Programs\Python\Python310\lib\http\client.py", line 1375, in getresponse
    response.begin()
  File "C:\Users\zhouz\AppData\Local\Programs\Python\Python310\lib\http\client.py", line 318, in begin
    version, status, reason = self._read_status()
  File "C:\Users\zhouz\AppData\Local\Programs\Python\Python310\lib\http\client.py", line 287, in _read_status
    raise RemoteDisconnected("Remote end closed connection without"
http.client.RemoteDisconnected: Remote end closed connection without response

During handling of the above exception, another exception occurred:

Traceback (most recent call last):
  File "C:\Users\zhouz\AppData\Local\Programs\Python\Python310\lib\site-packages\requests\adapters.py", line 667, in send
    resp = conn.urlopen(
  File "C:\Users\zhouz\AppData\Local\Programs\Python\Python310\lib\site-packages\urllib3\connectionpool.py", line 841, in urlopen
    retries = retries.increment(
  File "C:\Users\zhouz\AppData\Local\Programs\Python\Python310\lib\site-packages\urllib3\util\retry.py", line 474, in increment
    raise reraise(type(error), error, _stacktrace)
  File "C:\Users\zhouz\AppData\Local\Programs\Python\Python310\lib\site-packages\urllib3\util\util.py", line 38, in reraise
    raise value.with_traceback(tb)
  File "C:\Users\zhouz\AppData\Local\Programs\Python\Python310\lib\site-packages\urllib3\connectionpool.py", line 787, in urlopen
    response = self._make_request(
  File "C:\Users\zhouz\AppData\Local\Programs\Python\Python310\lib\site-packages\urllib3\connectionpool.py", line 534, in _make_request
    response = conn.getresponse()
  File "C:\Users\zhouz\AppData\Local\Programs\Python\Python310\lib\site-packages\urllib3\connection.py", line 565, in getresponse
    httplib_response = super().getresponse()
  File "C:\Users\zhouz\AppData\Local\Programs\Python\Python310\lib\http\client.py", line 1375, in getresponse
    response.begin()
  File "C:\Users\zhouz\AppData\Local\Programs\Python\Python310\lib\http\client.py", line 318, in begin
    version, status, reason = self._read_status()
  File "C:\Users\zhouz\AppData\Local\Programs\Python\Python310\lib\http\client.py", line 287, in _read_status
    raise RemoteDisconnected("Remote end closed connection without"
urllib3.exceptions.ProtocolError: ('Connection aborted.', RemoteDisconnected('Remote end closed connection without response'))

During handling of the above exception, another exception occurred:

Traceback (most recent call last):
  File "C:\Users\zhouz\OneDrive\Desktop\zhouziyang_Projects\AStock-Trade-Analysis\src\data\akshare_client.py", line 62, in _safe_call
    data = func(*args, **kwargs)
  File "C:\Users\zhouz\AppData\Local\Programs\Python\Python310\lib\site-packages\akshare\index\index_stock_zh.py", line 218, in stock_zh_index_spot_em
    return __stock_zh_main_spot_em()
  File "C:\Users\zhouz\AppData\Local\Programs\Python\Python310\lib\site-packages\akshare\index\index_stock_zh.py", line 152, in __stock_zh_main_spot_em
    r = requests.get(url, params=params)
  File "C:\Users\zhouz\AppData\Local\Programs\Python\Python310\lib\site-packages\requests\api.py", line 73, in get
    return request("get", url, params=params, **kwargs)
  File "C:\Users\zhouz\AppData\Local\Programs\Python\Python310\lib\site-packages\requests\api.py", line 59, in request
    return session.request(method=method, url=url, **kwargs)
  File "C:\Users\zhouz\AppData\Local\Programs\Python\Python310\lib\site-packages\requests\sessions.py", line 589, in request
    resp = self.send(prep, **send_kwargs)
  File "C:\Users\zhouz\AppData\Local\Programs\Python\Python310\lib\site-packages\requests\sessions.py", line 703, in send
    r = adapter.send(request, **kwargs)
  File "C:\Users\zhouz\AppData\Local\Programs\Python\Python310\lib\site-packages\requests\adapters.py", line 682, in send
    raise ConnectionError(err, request=request)
requests.exceptions.ConnectionError: ('Connection aborted.', RemoteDisconnected('Remote end closed connection without response'))
2026-05-12 23:13:24,401 | ERROR | astock_dashboard | akshare_client:_safe_call:67 | AKShare 接口调用失败: stock_board_industry_name_em
Traceback (most recent call last):
  File "C:\Users\zhouz\AppData\Local\Programs\Python\Python310\lib\site-packages\urllib3\connectionpool.py", line 787, in urlopen
    response = self._make_request(
  File "C:\Users\zhouz\AppData\Local\Programs\Python\Python310\lib\site-packages\urllib3\connectionpool.py", line 534, in _make_request
    response = conn.getresponse()
  File "C:\Users\zhouz\AppData\Local\Programs\Python\Python310\lib\site-packages\urllib3\connection.py", line 565, in getresponse
    httplib_response = super().getresponse()
  File "C:\Users\zhouz\AppData\Local\Programs\Python\Python310\lib\http\client.py", line 1375, in getresponse
    response.begin()
  File "C:\Users\zhouz\AppData\Local\Programs\Python\Python310\lib\http\client.py", line 318, in begin
    version, status, reason = self._read_status()
  File "C:\Users\zhouz\AppData\Local\Programs\Python\Python310\lib\http\client.py", line 287, in _read_status
    raise RemoteDisconnected("Remote end closed connection without"
http.client.RemoteDisconnected: Remote end closed connection without response

During handling of the above exception, another exception occurred:

Traceback (most recent call last):
  File "C:\Users\zhouz\AppData\Local\Programs\Python\Python310\lib\site-packages\requests\adapters.py", line 667, in send
    resp = conn.urlopen(
  File "C:\Users\zhouz\AppData\Local\Programs\Python\Python310\lib\site-packages\urllib3\connectionpool.py", line 841, in urlopen
    retries = retries.increment(
  File "C:\Users\zhouz\AppData\Local\Programs\Python\Python310\lib\site-packages\urllib3\util\retry.py", line 474, in increment
    raise reraise(type(error), error, _stacktrace)
  File "C:\Users\zhouz\AppData\Local\Programs\Python\Python310\lib\site-packages\urllib3\util\util.py", line 38, in reraise
    raise value.with_traceback(tb)
  File "C:\Users\zhouz\AppData\Local\Programs\Python\Python310\lib\site-packages\urllib3\connectionpool.py", line 787, in urlopen
    response = self._make_request(
  File "C:\Users\zhouz\AppData\Local\Programs\Python\Python310\lib\site-packages\urllib3\connectionpool.py", line 534, in _make_request
    response = conn.getresponse()
  File "C:\Users\zhouz\AppData\Local\Programs\Python\Python310\lib\site-packages\urllib3\connection.py", line 565, in getresponse
    httplib_response = super().getresponse()
  File "C:\Users\zhouz\AppData\Local\Programs\Python\Python310\lib\http\client.py", line 1375, in getresponse
    response.begin()
  File "C:\Users\zhouz\AppData\Local\Programs\Python\Python310\lib\http\client.py", line 318, in begin
    version, status, reason = self._read_status()
  File "C:\Users\zhouz\AppData\Local\Programs\Python\Python310\lib\http\client.py", line 287, in _read_status
    raise RemoteDisconnected("Remote end closed connection without"
urllib3.exceptions.ProtocolError: ('Connection aborted.', RemoteDisconnected('Remote end closed connection without response'))

During handling of the above exception, another exception occurred:

Traceback (most recent call last):
  File "C:\Users\zhouz\OneDrive\Desktop\zhouziyang_Projects\AStock-Trade-Analysis\src\data\akshare_client.py", line 62, in _safe_call
    data = func(*args, **kwargs)
  File "C:\Users\zhouz\AppData\Local\Programs\Python\Python310\lib\site-packages\akshare\stock\stock_board_industry_em.py", line 137, in stock_board_industry_name_em
    temp_df = fetch_paginated_data(url, params)
  File "C:\Users\zhouz\AppData\Local\Programs\Python\Python310\lib\site-packages\akshare\utils\func.py", line 32, in fetch_paginated_data
    r = requests.get(url, params=params, timeout=timeout)
  File "C:\Users\zhouz\AppData\Local\Programs\Python\Python310\lib\site-packages\requests\api.py", line 73, in get
    return request("get", url, params=params, **kwargs)
  File "C:\Users\zhouz\AppData\Local\Programs\Python\Python310\lib\site-packages\requests\api.py", line 59, in request
    return session.request(method=method, url=url, **kwargs)
  File "C:\Users\zhouz\AppData\Local\Programs\Python\Python310\lib\site-packages\requests\sessions.py", line 589, in request
    resp = self.send(prep, **send_kwargs)
  File "C:\Users\zhouz\AppData\Local\Programs\Python\Python310\lib\site-packages\requests\sessions.py", line 703, in send
    r = adapter.send(request, **kwargs)
  File "C:\Users\zhouz\AppData\Local\Programs\Python\Python310\lib\site-packages\requests\adapters.py", line 682, in send
    raise ConnectionError(err, request=request)
requests.exceptions.ConnectionError: ('Connection aborted.', RemoteDisconnected('Remote end closed connection without response'))
2026-05-12 23:13:30,678 | ERROR | astock_dashboard | akshare_client:_safe_call:67 | AKShare 接口调用失败: stock_individual_fund_flow
Traceback (most recent call last):
  File "C:\Users\zhouz\AppData\Local\Programs\Python\Python310\lib\site-packages\urllib3\connectionpool.py", line 787, in urlopen
    response = self._make_request(
  File "C:\Users\zhouz\AppData\Local\Programs\Python\Python310\lib\site-packages\urllib3\connectionpool.py", line 534, in _make_request
    response = conn.getresponse()
  File "C:\Users\zhouz\AppData\Local\Programs\Python\Python310\lib\site-packages\urllib3\connection.py", line 565, in getresponse
    httplib_response = super().getresponse()
  File "C:\Users\zhouz\AppData\Local\Programs\Python\Python310\lib\http\client.py", line 1375, in getresponse
    response.begin()
  File "C:\Users\zhouz\AppData\Local\Programs\Python\Python310\lib\http\client.py", line 318, in begin
    version, status, reason = self._read_status()
  File "C:\Users\zhouz\AppData\Local\Programs\Python\Python310\lib\http\client.py", line 287, in _read_status
    raise RemoteDisconnected("Remote end closed connection without"
http.client.RemoteDisconnected: Remote end closed connection without response

During handling of the above exception, another exception occurred:

Traceback (most recent call last):
  File "C:\Users\zhouz\AppData\Local\Programs\Python\Python310\lib\site-packages\requests\adapters.py", line 667, in send
    resp = conn.urlopen(
  File "C:\Users\zhouz\AppData\Local\Programs\Python\Python310\lib\site-packages\urllib3\connectionpool.py", line 841, in urlopen
    retries = retries.increment(
  File "C:\Users\zhouz\AppData\Local\Programs\Python\Python310\lib\site-packages\urllib3\util\retry.py", line 474, in increment
    raise reraise(type(error), error, _stacktrace)
  File "C:\Users\zhouz\AppData\Local\Programs\Python\Python310\lib\site-packages\urllib3\util\util.py", line 38, in reraise
    raise value.with_traceback(tb)
  File "C:\Users\zhouz\AppData\Local\Programs\Python\Python310\lib\site-packages\urllib3\connectionpool.py", line 787, in urlopen
    response = self._make_request(
  File "C:\Users\zhouz\AppData\Local\Programs\Python\Python310\lib\site-packages\urllib3\connectionpool.py", line 534, in _make_request
    response = conn.getresponse()
  File "C:\Users\zhouz\AppData\Local\Programs\Python\Python310\lib\site-packages\urllib3\connection.py", line 565, in getresponse
    httplib_response = super().getresponse()
  File "C:\Users\zhouz\AppData\Local\Programs\Python\Python310\lib\http\client.py", line 1375, in getresponse
    response.begin()
  File "C:\Users\zhouz\AppData\Local\Programs\Python\Python310\lib\http\client.py", line 318, in begin
    version, status, reason = self._read_status()
  File "C:\Users\zhouz\AppData\Local\Programs\Python\Python310\lib\http\client.py", line 287, in _read_status
    raise RemoteDisconnected("Remote end closed connection without"
urllib3.exceptions.ProtocolError: ('Connection aborted.', RemoteDisconnected('Remote end closed connection without response'))

During handling of the above exception, another exception occurred:

Traceback (most recent call last):
  File "C:\Users\zhouz\OneDrive\Desktop\zhouziyang_Projects\AStock-Trade-Analysis\src\data\akshare_client.py", line 62, in _safe_call
    data = func(*args, **kwargs)
  File "C:\Users\zhouz\AppData\Local\Programs\Python\Python310\lib\site-packages\akshare\stock\stock_fund_em.py", line 48, in stock_individual_fund_flow
    r = requests.get(url, params=params, headers=headers)
  File "C:\Users\zhouz\AppData\Local\Programs\Python\Python310\lib\site-packages\requests\api.py", line 73, in get
    return request("get", url, params=params, **kwargs)
  File "C:\Users\zhouz\AppData\Local\Programs\Python\Python310\lib\site-packages\requests\api.py", line 59, in request
    return session.request(method=method, url=url, **kwargs)
  File "C:\Users\zhouz\AppData\Local\Programs\Python\Python310\lib\site-packages\requests\sessions.py", line 589, in request
    resp = self.send(prep, **send_kwargs)
  File "C:\Users\zhouz\AppData\Local\Programs\Python\Python310\lib\site-packages\requests\sessions.py", line 703, in send
    r = adapter.send(request, **kwargs)
  File "C:\Users\zhouz\AppData\Local\Programs\Python\Python310\lib\site-packages\requests\adapters.py", line 682, in send
    raise ConnectionError(err, request=request)
requests.exceptions.ConnectionError: ('Connection aborted.', RemoteDisconnected('Remote end closed connection without response'))
